###############################################################################
#
# IAR ELF Linker V9.10.2.313/W64 for ARM                  09/Jan/2022  02:55:55
# Copyright 2007-2021 IAR Systems AB.
#
#    Output file  =
#        C:\Users\Mohasseb\Desktop\files\project\Debug\Exe\lab 6A.out
#    Map file     =
#        C:\Users\Mohasseb\Desktop\files\project\Debug\List\lab 6A.map
#    Command line =
#        -f "C:\Users\Mohasseb\Desktop\files\project\Debug\Exe\lab 6A.out.rsp"
#        (C:\Users\Mohasseb\Desktop\files\project\Debug\Obj\DIO.o
#        C:\Users\Mohasseb\Desktop\files\project\Debug\Obj\main.o
#        C:\Users\Mohasseb\Desktop\files\project\Debug\Obj\SystickTimer.o
#        C:\Users\Mohasseb\Desktop\files\project\Debug\Obj\Timer.o
#        --no_out_extension -o
#        "C:\Users\Mohasseb\Desktop\files\project\Debug\Exe\lab 6A.out"
#        --redirect _Printf=_PrintfFullNoMb --redirect _Scanf=_ScanfFullNoMb
#        --map "C:\Users\Mohasseb\Desktop\files\project\Debug\List\lab 6A.map"
#        --config "C:\Program Files\IAR Systems\Embedded Workbench
#        9.0\arm\config\linker\TexasInstruments\TM4C123GE6.icf" --semihosting
#        C:\ti\TivaWare_C_Series-2.2.0.295\driverlib\ewarm\Exe\driverlib.a
#        --entry __iar_program_start --vfe --text_out locale)
#
###############################################################################

*******************************************************************************
*** MESSAGES
***

Warning[Lt009]: Inconsistent wchar_t size
            gpio.o(driverlib.a) and 5 other objects in driverlib.a have wchar_t
                      size 16 bits
            DIO.o and 27 other objects, some of them in dl7M_tln.a and 16 other
                      libraries have wchar_t size 32 bits


*******************************************************************************
*** RUNTIME MODEL ATTRIBUTES
***

CppFlavor       = *
__SystemLibrary = DLib
__dlib_version  = 6


*******************************************************************************
*** HEAP SELECTION
***

The basic heap was selected because some modules are built with
size limitations (and not runtime checking), and --advanced_heap
was not specified.


*******************************************************************************
*** PLACEMENT SUMMARY
***

"A0":  place at address 0x0 { ro section .intvec };
"P1":  place in [from 0x0 to 0x1'ffff] { ro };
define block CSTACK with size = 4K, alignment = 8 { };
define block HEAP with size = 8K, alignment = 8 { };
"P2":  place in [from 0x2000'0000 to 0x2000'7fff] {
          rw, block CSTACK, block HEAP };
initialize by copy { rw };

  Section            Kind         Address    Size  Object
  -------            ----         -------    ----  ------
"A0":                                        0x40
  .intvec            ro code          0x0    0x40  vector_table_M.o [5]
                                   - 0x40    0x40

"P1":                                      0x39dc
  .text              ro code         0x40   0xf12  xprintffull_nomb.o [2]
  .text              ro code        0xf52    0x2a  copy_init3.o [5]
  .text              ro code        0xf7c    0x16  strchr.o [5]
  .text              ro code        0xf92     0x2  vectortrap_M.o [5]
  .text              ro code        0xf94    0x40  xfail_s.o [2]
  .text              ro code        0xfd4    0x36  strlen.o [5]
  .text              ro code       0x100c    0x58  memchr.o [5]
  .text              ro code       0x1064    0x76  ABImemcpy_unaligned.o [5]
  .text              ro code       0x10dc    0x70  frexp.o [4]
  .text              ro code       0x114c    0x34  DblCmpLe.o [4]
  .text              ro code       0x1180    0x34  DblCmpGe.o [4]
  .text              ro code       0x11b4   0x13a  ldexp.o [4]
  .text              ro code       0x12f0    0x36  DblToS32.o [4]
  .text              ro code       0x1328    0x22  S32ToDbl.o [4]
  .text              ro code       0x134c   0x24e  DblAddSub.o [4]
  .text              ro code       0x159c   0x246  DblDiv.o [4]
  .text              ro code       0x17e4    0x22  DblToU32.o [4]
  .text              ro code       0x1808    0x1c  U32ToDbl.o [4]
  .text              ro code       0x1824   0x1aa  DblMul.o [4]
  .text              ro code       0x19d0   0x230  I64DivMod.o [5]
  .text              ro code       0x1c00     0x6  abort.o [2]
  .text              ro code       0x1c08     0x2  I64DivZer.o [5]
  .text              ro code       0x1c0c    0x14  exit.o [6]
  .text              ro code       0x1c20    0x7c  iarttio.o [6]
  .text              ro code       0x1c9c     0x8  XShttio.o [2]
  .text              ro code       0x1ca4   0x828  DIO.o [1]
  .text              ro code       0x24cc   0x274  gpio.o [3]
  .text              ro code       0x2740    0xb0  interrupt.o [3]
  .text              ro code       0x27f0     0x8  cpu.o [3]
  .text              ro code       0x27f8   0x76c  main.o [1]
  .text              ro code       0x2f64    0x28  printf.o [2]
  .text              ro code       0x2f8c   0x5e8  Timer.o [1]
  .text              ro code       0x3574    0x60  sysctl.o [3]
  .text              ro code       0x35d4    0x30  SystickTimer.o [1]
  .text              ro code       0x3604   0x1b4  timer.o [3]
  .text              ro code       0x37b8    0x28  systick.o [3]
  .text              ro code       0x37e0    0x38  zero_init3.o [5]
  .rodata            const         0x3818    0x2c  main.o [1]
  .text              ro code       0x3844    0x28  data_init.o [5]
  .text              ro code       0x386c    0x22  fpinit_M.o [4]
  .text              ro code       0x388e    0x22  iarwrite.o [6]
  .iar.init_table    const         0x38b0    0x24  - Linker created -
  .text              ro code       0x38d4    0x20  putchar.o [2]
  .text              ro code       0x38f4    0x10  write.o [6]
  .text              ro code       0x3904    0x1e  dwrite.o [6]
  .text              ro code       0x3922    0x20  iarwstd.o [6]
  .text              ro code       0x3944    0x1e  cmain.o [5]
  .text              ro code       0x3962     0x4  low_level_init.o [2]
  .text              ro code       0x3966     0x4  exit.o [2]
  .text              ro code       0x396c     0xa  cexit.o [5]
  .text              ro code       0x3978    0x1c  cstartup_M.o [5]
  .rodata            const         0x3994    0x18  main.o [1]
  .text              ro code       0x39ac    0x16  xprout.o [2]
  .rodata            const         0x39c4    0x10  main.o [1]
  .rodata            const         0x39d4     0xc  main.o [1]
  .rodata            const         0x39e0     0xc  main.o [1]
  .rodata            const         0x39ec     0xc  main.o [1]
  .rodata            const         0x39f8     0xc  main.o [1]
  .rodata            const         0x3a04     0x8  main.o [1]
  .rodata            const         0x3a0c     0x8  main.o [1]
  Initializer bytes  const         0x3a14     0x8  <for P2-1>
  .rodata            const         0x3a1c     0x0  zero_init3.o [5]
  .rodata            const         0x3a1c     0x0  copy_init3.o [5]
                                 - 0x3a1c  0x39dc

"P2", part 1 of 3:                            0x8
  P2-1                        0x2000'0000     0x8  <Init block>
    .data            inited   0x2000'0000     0x8  XShttio.o [2]
                            - 0x2000'0008     0x8

"P2", part 2 of 3:                          0x66c
  VTABLE             zero     0x2000'0400   0x26c  interrupt.o [3]
  .bss               zero     0x2000'066c     0x4  xfail_s.o [2]
  .bss               zero     0x2000'0670     0x1  main.o [1]
  .bss               zero     0x2000'0671     0x1  main.o [1]
                            - 0x2000'0672   0x66a

"P2", part 3 of 3:                         0x1000
  CSTACK                      0x2000'0678  0x1000  <Block>
    CSTACK           uninit   0x2000'0678  0x1000  <Block tail>
                            - 0x2000'1678  0x1000

Unused ranges:

         From           To      Size
         ----           --      ----
       0x3a1c     0x1'ffff  0x1'c5e4
  0x2000'0674  0x2000'0677       0x4
  0x2000'1678  0x2000'7fff    0x6988


*******************************************************************************
*** INIT TABLE
***

          Address      Size
          -------      ----
Zero (__iar_zero_init3)
    1 destination range, total size 0x272:
          0x2000'0400  0x272

Copy (__iar_copy_init3)
    1 source range, total size 0x8:
               0x3a14    0x8
    1 destination range, total size 0x8:
          0x2000'0000    0x8



*******************************************************************************
*** MODULE SUMMARY
***

    Module                 ro code  ro data  rw data
    ------                 -------  -------  -------
command line/config:
    ------------------------------------------------
    Total:

C:\Users\Mohasseb\Desktop\files\project\Debug\Obj: [1]
    DIO.o                    2'088
    SystickTimer.o              48
    Timer.o                  1'512
    main.o                   1'900      148        2
    ------------------------------------------------
    Total:                   5'548      148        2

dl7M_tln.a: [2]
    XShttio.o                    8        8        8
    abort.o                      6
    exit.o                       4
    low_level_init.o             4
    printf.o                    40
    putchar.o                   32
    xfail_s.o                   64                 4
    xprintffull_nomb.o       3'858
    xprout.o                    22
    ------------------------------------------------
    Total:                   4'038        8       12

driverlib.a: [3]
    cpu.o                        8
    gpio.o                     628
    interrupt.o                176               620
    sysctl.o                    96
    systick.o                   40
    timer.o                    436
    ------------------------------------------------
    Total:                   1'384               620

m7M_tls.a: [4]
    DblAddSub.o                590
    DblCmpGe.o                  52
    DblCmpLe.o                  52
    DblDiv.o                   582
    DblMul.o                   426
    DblToS32.o                  54
    DblToU32.o                  34
    S32ToDbl.o                  34
    U32ToDbl.o                  28
    fpinit_M.o                  34
    frexp.o                    112
    ldexp.o                    314
    ------------------------------------------------
    Total:                   2'312

rt7M_tl.a: [5]
    ABImemcpy_unaligned.o      118
    I64DivMod.o                560
    I64DivZer.o                  2
    cexit.o                     10
    cmain.o                     30
    copy_init3.o                42
    cstartup_M.o                28
    data_init.o                 40
    memchr.o                    88
    strchr.o                    22
    strlen.o                    54
    vector_table_M.o            64
    vectortrap_M.o               2
    zero_init3.o                56
    ------------------------------------------------
    Total:                   1'116

shb_l.a: [6]
    dwrite.o                    30
    exit.o                      20
    iarttio.o                  124
    iarwrite.o                  34
    iarwstd.o                   32
    write.o                     16
    ------------------------------------------------
    Total:                     256

    Gaps                        28        2    1'016
    Linker created                       36    4'096
----------------------------------------------------
    Grand Total:            14'682      194    5'746


*******************************************************************************
*** ENTRY LIST
***

Entry                       Address   Size  Type      Object
-----                       -------   ----  ----      ------
.iar.init_table$$Base        0x38b0          --   Gb  - Linker created -
.iar.init_table$$Limit       0x38d4          --   Gb  - Linker created -
?main                        0x3945         Code  Gb  cmain.o [5]
BusFault_Handler              0xf93         Code  Wk  vectortrap_M.o [5]
CPUcpsie                     0x27f1    0x8  Code  Gb  cpu.o [3]
CSTACK$$Base            0x2000'0678          --   Gb  - Linker created -
CSTACK$$Limit           0x2000'1678          --   Gb  - Linker created -
DIO_INT_clear                0x23c9   0x4c  Code  Gb  DIO.o [1]
DIO_INT_init                 0x2259  0x170  Code  Gb  DIO.o [1]
DIO_ReadPin                  0x21e9   0x70  Code  Gb  DIO.o [1]
DIO_WritePin                 0x2097  0x152  Code  Gb  DIO.o [1]
DIO_init                     0x1ca5  0x3f2  Code  Gb  DIO.o [1]
DebugMon_Handler              0xf93         Code  Wk  vectortrap_M.o [5]
GPIOIntClear                 0x2565    0x6  Code  Gb  gpio.o [3]
GPIOIntDisable               0x255f    0x6  Code  Gb  gpio.o [3]
GPIOIntEnable                0x2559    0x6  Code  Gb  gpio.o [3]
GPIOIntRegisterPin           0x256b   0x16  Code  Gb  gpio.o [3]
GPIOIntTypeSet               0x250d   0x4c  Code  Gb  gpio.o [3]
GPIO_Init                    0x280d   0xf8  Code  Gb  main.o [1]
HardFault_Handler             0xf93         Code  Wk  vectortrap_M.o [5]
IntEnable                    0x2777   0x56  Code  Gb  interrupt.o [3]
IntMasterEnable              0x2741    0x8  Code  Gb  interrupt.o [3]
IntRegister                  0x2751   0x26  Code  Gb  interrupt.o [3]
MemManage_Handler             0xf93         Code  Wk  vectortrap_M.o [5]
NMI_Handler                   0xf93         Code  Wk  vectortrap_M.o [5]
PEDS_F04_handler             0x2d11   0xec  Code  Gb  main.o [1]
PEDS_GPIO_INT_init           0x2ce9   0x28  Code  Gb  main.o [1]
PEDS_Timer_handler_1S        0x2f01   0x1a  Code  Gb  main.o [1]
PEDS_Timer_handler_2S        0x2e1d   0xc4  Code  Gb  main.o [1]
PEDS_Timer_init_1S           0x2ee1   0x20  Code  Gb  main.o [1]
PEDS_Timer_init_2S           0x2dfd   0x20  Code  Gb  main.o [1]
PendSV_Handler                0xf93         Code  Wk  vectortrap_M.o [5]
Region$$Table$$Base          0x38b0          --   Gb  - Linker created -
Region$$Table$$Limit         0x38d4          --   Gb  - Linker created -
SVC_Handler                   0xf93         Code  Wk  vectortrap_M.o [5]
SYSTICK_DelayPollingMS       0x35d5   0x2c  Code  Gb  SystickTimer.o [1]
SysCtlPeripheralDisable
                             0x35b1    0x8  Code  Gb  sysctl.o [3]
SysCtlPeripheralEnable       0x3595    0x8  Code  Gb  sysctl.o [3]
SysCtlPeripheralReady        0x3575    0x8  Code  Gb  sysctl.o [3]
SysTickDisable               0x37c5    0xc  Code  Gb  systick.o [3]
SysTickEnable                0x37b9    0xc  Code  Gb  systick.o [3]
SysTickPeriodSet             0x37d1    0x8  Code  Gb  systick.o [3]
SysTick_Handler               0xf93         Code  Wk  vectortrap_M.o [5]
TF                      0x2000'0671    0x1  Data  Gb  main.o [1]
TF1_turn_on_Green            0x2905   0xa2  Code  Gb  main.o [1]
TF1_turn_on_Red              0x2a4d   0xa2  Code  Gb  main.o [1]
TF1_turn_on_Yellow           0x29a9   0xa2  Code  Gb  main.o [1]
TF2_turn_on_Green            0x2af1   0xa2  Code  Gb  main.o [1]
TF2_turn_on_Red              0x2c35   0x96  Code  Gb  main.o [1]
TF2_turn_on_Yellow           0x2b95   0x9e  Code  Gb  main.o [1]
TF_Timer_init                0x2ccb   0x1e  Code  Gb  main.o [1]
TimerClearFlag               0x3471   0xe4  Code  Gb  Timer.o [1]
TimerConfigure               0x365f   0x52  Code  Gb  timer.o [3]
TimerControlStall            0x36c1   0x18  Code  Gb  timer.o [3]
TimerDisable                 0x3653    0xc  Code  Gb  timer.o [3]
TimerEnable                  0x3647    0xc  Code  Gb  timer.o [3]
TimerIntClear                0x3715    0x4  Code  Gb  timer.o [3]
TimerIntEnable               0x3703    0x4  Code  Gb  timer.o [3]
TimerIntRegister             0x36e9   0x1a  Code  Gb  timer.o [3]
TimerLoadSet                 0x36d9   0x10  Code  Gb  timer.o [3]
Timer_Init                   0x2f8d  0x4e4  Code  Gb  Timer.o [1]
UsageFault_Handler            0xf93         Code  Wk  vectortrap_M.o [5]
_GPIOIntNumberGet            0x24cd   0x40  Code  Lc  gpio.o [3]
_LitobFullNoMb                0xd59  0x10c  Code  Lc  xprintffull_nomb.o [2]
_PrintfFullNoMb                0x41  0xcea  Code  Gb  xprintffull_nomb.o [2]
_Prout                       0x39ad   0x16  Code  Gb  xprout.o [2]
_PutcharFullNoMb              0xebd   0x20  Code  Lc  xprintffull_nomb.o [2]
_PutcharsFullNoMb             0xedd   0x2e  Code  Lc  xprintffull_nomb.o [2]
_TimerIntNumberGet           0x3605   0x42  Code  Lc  timer.o [3]
__aeabi_cdcmple              0x114d         Code  Gb  DblCmpLe.o [4]
__aeabi_cdrcmple             0x1181         Code  Gb  DblCmpGe.o [4]
__aeabi_d2iz                 0x12f1         Code  Gb  DblToS32.o [4]
__aeabi_d2uiz                0x17e5         Code  Gb  DblToU32.o [4]
__aeabi_ddiv                 0x159d         Code  Gb  DblDiv.o [4]
__aeabi_dmul                 0x1825         Code  Gb  DblMul.o [4]
__aeabi_dsub                 0x14b9         Code  Gb  DblAddSub.o [4]
__aeabi_i2d                  0x1329         Code  Gb  S32ToDbl.o [4]
__aeabi_ldiv0                0x1c09         Code  Gb  I64DivZer.o [5]
__aeabi_ui2d                 0x1809         Code  Gb  U32ToDbl.o [4]
__aeabi_uldivmod             0x19d1         Code  Gb  I64DivMod.o [5]
__cmain                      0x3945         Code  Gb  cmain.o [5]
__dwrite                     0x3905   0x1e  Code  Gb  dwrite.o [6]
__exit                       0x1c0d   0x14  Code  Gb  exit.o [6]
__iar_Fail_s                  0xf95   0x1c  Code  Gb  xfail_s.o [2]
__iar_Memchr                 0x100d         Code  Gb  memchr.o [5]
__iar_Strchr                  0xf7d         Code  Gb  strchr.o [5]
__iar_close_ttio             0x1c21   0x2c  Code  Gb  iarttio.o [6]
__iar_copy_init3              0xf53   0x2a  Code  Gb  copy_init3.o [5]
__iar_data_init3             0x3845   0x28  Code  Gb  data_init.o [5]
__iar_frexp                  0x10e9         Code  Gb  frexp.o [4]
__iar_frexpl                 0x10e9         Code  Gb  frexp.o [4]
__iar_get_ttio               0x1c4d   0x4c  Code  Gb  iarttio.o [6]
__iar_init_vfp               0x386d         Code  Gb  fpinit_M.o [4]
__iar_ldexp64                0x11b5         Code  Gb  ldexp.o [4]
__iar_lookup_ttioh           0x1c9d    0x8  Code  Gb  XShttio.o [2]
__iar_program_start          0x3979         Code  Gb  cstartup_M.o [5]
__iar_scalbln64              0x11b5         Code  Gb  ldexp.o [4]
__iar_scalbn64               0x11b5         Code  Gb  ldexp.o [4]
__iar_sh_stdout              0x3923   0x20  Code  Gb  iarwstd.o [6]
__iar_sh_write               0x388f   0x22  Code  Gb  iarwrite.o [6]
__iar_softfp___iar_frexp64
                             0x10dd         Code  Gb  frexp.o [4]
__iar_softfp_frexp           0x10dd         Code  Gb  frexp.o [4]
__iar_softfp_frexpl          0x10dd         Code  Gb  frexp.o [4]
__iar_ttio_handles      0x2000'0000    0x8  Data  Lc  XShttio.o [2]
__iar_unaligned_memcpy       0x1065         Code  Gb  ABImemcpy_unaligned.o [5]
__iar_unaligned_memcpy4
                             0x1085         Code  Gb  ABImemcpy_unaligned.o [5]
__iar_unaligned_memcpy8
                             0x1085         Code  Gb  ABImemcpy_unaligned.o [5]
__iar_zero_init3             0x37e1   0x38  Code  Gb  zero_init3.o [5]
__low_level_init             0x3963    0x4  Code  Gb  low_level_init.o [2]
__vector_table                  0x0         Data  Gb  vector_table_M.o [5]
__write                      0x38f5   0x10  Code  Gb  write.o [6]
_call_main                   0x3951         Code  Gb  cmain.o [5]
_exit                        0x396d         Code  Gb  cexit.o [5]
abort                        0x1c01    0x6  Code  Gb  abort.o [2]
exit                         0x3967    0x4  Code  Gb  exit.o [2]
g_pfnRAMVectors         0x2000'0400  0x26c  Data  Lc  interrupt.o [3]
g_ppui32GPIOIntMapBlizzard
                             0x25a8   0xc0  Data  Lc  gpio.o [3]
g_ppui32GPIOIntMapSnowflake
                             0x2668   0xd8  Data  Lc  gpio.o [3]
g_ppui32TimerIntMap          0x3718   0x60  Data  Lc  timer.o [3]
g_ppui32TimerIntMapSnowflake
                             0x3778   0x40  Data  Lc  timer.o [3]
g_pui32EnRegs                0x27dc   0x14  Data  Lc  interrupt.o [3]
ldexp                        0x11b5         Code  Gb  ldexp.o [4]
ldexpl                       0x11b5         Code  Gb  ldexp.o [4]
main                         0x27f9   0x14  Code  Gb  main.o [1]
memchr                       0x100d         Code  Gb  memchr.o [5]
printf                       0x2f65   0x28  Code  Gb  printf.o [2]
putchar                      0x38d5   0x20  Code  Gb  putchar.o [2]
scalbln                      0x11b5         Code  Gb  ldexp.o [4]
scalblnl                     0x11b5         Code  Gb  ldexp.o [4]
scalbn                       0x11b5         Code  Gb  ldexp.o [4]
scalbnl                      0x11b5         Code  Gb  ldexp.o [4]
scale                         0xe65   0x46  Code  Lc  xprintffull_nomb.o [2]
sec_hand                0x2000'066c    0x4  Data  Lc  xfail_s.o [2]
state                   0x2000'0670    0x1  Data  Gb  main.o [1]
strchr                        0xf7d         Code  Gb  strchr.o [5]
strlen                        0xfd5         Code  Gb  strlen.o [5]


[1] = C:\Users\Mohasseb\Desktop\files\project\Debug\Obj
[2] = dl7M_tln.a
[3] = driverlib.a
[4] = m7M_tls.a
[5] = rt7M_tl.a
[6] = shb_l.a

  14'682 bytes of readonly  code memory
     194 bytes of readonly  data memory
   5'746 bytes of readwrite data memory

Errors: none
Warnings: 1
